// Jest Snapshot v1, https://goo.gl/fbAQLP

exports[`footer test is redendring properly footer component  1`] = `
<footer
  className="footer"
>
  <div
    className="container-full"
  >
    <span
      className="text-md text-gray-500"
    >
      © 2023
      <a
        className="hover:underline"
        href="/"
      >
        Job™
      </a>
      . All Rights Reserved.
    </span>
    <div
      className="flex mt-4 space-x-4 sm:justify-center sm:mt-0"
    >
      <a
        className="footer-item"
        href="/"
      >
        <i>
          Facebook
        </i>
      </a>
      <a
        className="footer-item"
        href="/"
      >
        <i>
          Instagram
        </i>
      </a>
      <a
        className="footer-item"
        href="/"
      >
        <i>
          Twitter
        </i>
      </a>
      <a
        className="footer-item"
        href="/"
      >
        <i>
          Github
        </i>
      </a>
    </div>
  </div>
</footer>
`;
