// Jest Snapshot v1, https://goo.gl/fbAQLP

exports[`Header test should match snapshot 1`] = `
<nav
  className="navbar"
>
  <div
    className="container-flex"
  >
    <a
      className="flex items-center"
      href="/"
    >
      <img
        alt="job"
        className="h-6 mr-3 sm:h-9"
        src="/"
      />
      <span
        className="span-blue"
      >
        Job
      </span>
    </a>
    <div
      className="w-full md:block md:w-auto"
      id="navbar-default"
    >
      <ul
        className="navbar-list"
      >
        <li>
          <a
            className="navbar-main-item"
            href="/"
          >
            Home
          </a>
        </li>
        <li>
          <a
            className="navbar-item"
            href="/"
          >
            Blog
          </a>
        </li>
        <li>
          <a
            className="navbar-item"
            href="/"
          >
            About
          </a>
        </li>
        <li>
          <a
            className="navbar-item"
            href="/"
          >
            Post a job
          </a>
        </li>
      </ul>
    </div>
  </div>
</nav>
`;
